<html>
<body>
<pre>
<h1>µVision Build Log</h1>
<h2>Tool Versions:</h2>
IDE-Version: ¦ÌVision V5.23.0.0
Copyright (C) 2017 ARM Ltd and ARM Germany GmbH. All rights reserved.
License Information: 11 ASUS, 111, LIC=8VRJ7-EZC3T-HL7CL-0HKMJ-EGB9P-767Z1
 
Tool Versions:
Toolchain:       MDK-ARM Plus  Version: 5.23
Toolchain Path:  D:\Keil_v5\ARM\ARMCC\Bin
C Compiler:      Armcc.exe V5.06 update 4 (build 422)
Assembler:       Armasm.exe V5.06 update 4 (build 422)
Linker/Locator:  ArmLink.exe V5.06 update 4 (build 422)
Library Manager: ArmAr.exe V5.06 update 4 (build 422)
Hex Converter:   FromElf.exe V5.06 update 4 (build 422)
CPU DLL:         SARMCM3.DLL V5.23
Dialog DLL:      DCM.DLL V1.15.0.0
Target DLL:      STLink\ST-LINKIII-KEIL_SWO.dll V2.0.18.0
Dialog DLL:      TCM.DLL V1.27.0.0
 
<h2>Project:</h2>
D:\a-stm32\ÐÂ¹¤¿Æ\SmartCarSystem\Template\USER\Test.uvprojx
Project File Date:  10/04/2023

<h2>Output:</h2>
*** Using Compiler 'V5.06 update 4 (build 422)', folder: 'D:\Keil_v5\ARM\ARMCC\Bin'
Build target 'Target 1'
compiling system_stm32f4xx.c...
compiling dht11.c...
..\HARDWARE\DHT11\dht11.h(25): warning:  #1-D: last line of file ends without a newline
  #endif
..\HARDWARE\DHT11\dht11.c: 1 warning, 0 errors
compiling sk6812.c...
..\HARDWARE\SK6812\sk6812.h(28): warning:  #1-D: last line of file ends without a newline
  #endif
..\HARDWARE\SK6812\sk6812.c(90): warning:  #1-D: last line of file ends without a newline
  }
..\HARDWARE\SK6812\sk6812.c: 2 warnings, 0 errors
compiling beep.c...
..\HARDWARE\BEEP\beep.h(14): warning:  #1-D: last line of file ends without a newline
  #endif
..\HARDWARE\BEEP\beep.c(17): warning:  #1-D: last line of file ends without a newline
  }
..\HARDWARE\BEEP\beep.c: 2 warnings, 0 errors
compiling usart.c...
..\SYSTEM\usart\usart.h(24): warning:  #1-D: last line of file ends without a newline
  #endif
..\SYSTEM\usart\usart.c: 1 warning, 0 errors
compiling tim.c...
..\HARDWARE\TIM\tim.h(18): warning:  #1-D: last line of file ends without a newline
  #endif
..\HARDWARE\TIM\tim.c(90): warning:  #1-D: last line of file ends without a newline
  }
..\HARDWARE\TIM\tim.c: 2 warnings, 0 errors
compiling sys.c...
compiling usart3.c...
..\SYSTEM\usart3\usart3.c(1): warning:  #1-D: last line of file ends without a newline
  #include "usart3.h"
..\SYSTEM\usart3\usart3.h(7): warning:  #1-D: last line of file ends without a newline
  #endif
..\SYSTEM\usart3\usart3.c: 2 warnings, 0 errors
compiling drv8837.c...
..\HARDWARE\DRV8837\drv8837.h(16): warning:  #1-D: last line of file ends without a newline
  #endif
..\HARDWARE\DRV8837\drv8837.c(24): warning:  #1-D: last line of file ends without a newline
  }
..\HARDWARE\DRV8837\drv8837.c: 2 warnings, 0 errors
compiling bh1750fvi.c...
..\SYSTEM\usart\usart.h(24): warning:  #1-D: last line of file ends without a newline
  #endif
..\HARDWARE\BH1750FVI\bh1750fvi.c: 1 warning, 0 errors
compiling usart6.c...
compiling led.c...
compiling bkrcspeak.c...
..\HARDWARE\BKRCSPEAK\bkrcspeak.h(18): warning:  #1-D: last line of file ends without a newline
  #endif
..\HARDWARE\BKRCSPEAK\bkrcspeak.c(24): warning:  #223-D: function "USART6_Init" declared implicitly
  	USART6_Init(115200); //åˆå§‹åŒ–ä¸²å?
..\HARDWARE\BKRCSPEAK\bkrcspeak.c: 2 warnings, 0 errors
compiling delay.c...
compiling i2c.c...
..\HARDWARE\I2C\i2c.c(163): warning:  #188-D: enumerated type mixed with another type
          
IC_SDA((txd&0x80)>>7);
..\HARDWARE\I2C\i2c.c: 1 warning, 0 errors
compiling biss0001.c...
..\HARDWARE\BISS0001\biss0001.h(13): warning:  #1-D: last line of file ends without a newline
  #endif
..\HARDWARE\BISS0001\biss0001.c(13): warning:  #1-D: last line of file ends without a newline
  }
..\HARDWARE\BISS0001\biss0001.c: 2 warnings, 0 errors
compiling sg90.c...
..\HARDWARE\TIM\tim.h(18): warning:  #1-D: last line of file ends without a newline
  #endif
..\HARDWARE\SG90\sg90.h(11): warning:  #1-D: last line of file ends without a newline
  #endif
..\HARDWARE\SG90\sg90.c: 2 warnings, 0 errors
compiling id1016c.c...
..\HARDWARE\ID1016C\id1016c.c(1): warning:  #1-D: last line of file ends without a newline
  #include "id1016c.h"
..\SYSTEM\usart3\usart3.h(7): warning:  #1-D: last line of file ends without a newline
  #endif
..\HARDWARE\ID1016C\id1016c.h(8): warning:  #1-D: last line of file ends without a newline
  #endif
..\HARDWARE\ID1016C\id1016c.c: 3 warnings, 0 errors
compiling stm32f4xx_it.c...
compiling stm32f4xx_adc.c...
compiling main.c...
..\SYSTEM\usart\usart.h(24): warning:  #1-D: last line of file ends without a newline
  #endif
..\HARDWARE\BEEP\beep.h(14): warning:  #1-D: last line of file ends without a newline
  #endif
dht11.h(22): warning:  #1-D: last line of file ends without a newline
  #endif
..\HARDWARE\TIM\tim.h(18): warning:  #1-D: last line of file ends without a newline
  #endif
..\HARDWARE\DRV8837\drv8837.h(16): warning:  #1-D: last line of file ends without a newline
  #endif
..\HARDWARE\SK6812\sk6812.h(28): warning:  #1-D: last line of file ends without a newline
  #endif
..\HARDWARE\BKRCSPEAK\bkrcspeak.h(18): warning:  #1-D: last line of file ends without a newline
  #endif
..\HARDWARE\BISS0001\biss0001.h(13): warning:  #1-D: last line of file ends without a newline
  #endif
..\HARDWARE\SG90\sg90.h(11): warning:  #1-D: last line of file ends without a newline
  #endif
main.c(24): warning:  #177-D: variable "rgb"  was declared but never referenced
  	RGB_TypeDef rgb;
main.c: 10 warnings, 0 errors
compiling misc.c...
compiling stm32f4xx_crc.c...
compiling stm32f4xx_cec.c...
compiling stm32f4xx_cryp_des.c...
compiling stm32f4xx_cryp.c...
compiling stm32f4xx_dac.c...
compiling stm32f4xx_cryp_tdes.c...
compiling stm32f4xx_can.c...
compiling stm32f4xx_cryp_aes.c...
compiling stm32f4xx_dbgmcu.c...
compiling stm32f4xx_dfsdm.c...
compiling stm32f4xx_dcmi.c...
compiling stm32f4xx_dma.c...
compiling stm32f4xx_dma2d.c...
compiling stm32f4xx_flash_ramfunc.c...
compiling stm32f4xx_dsi.c...
compiling stm32f4xx_exti.c...
compiling stm32f4xx_fmpi2c.c...
compiling stm32f4xx_hash_md5.c...
compiling stm32f4xx_hash.c...
compiling stm32f4xx_gpio.c...
compiling stm32f4xx_flash.c...
compiling stm32f4xx_hash_sha1.c...
compiling stm32f4xx_fsmc.c...
compiling stm32f4xx_i2c.c...
compiling stm32f4xx_iwdg.c...
compiling stm32f4xx_lptim.c...
compiling stm32f4xx_ltdc.c...
compiling stm32f4xx_pwr.c...
compiling stm32f4xx_qspi.c...
compiling stm32f4xx_rng.c...
compiling stm32f4xx_sai.c...
compiling stm32f4xx_rcc.c...
compiling stm32f4xx_spdifrx.c...
compiling stm32f4xx_syscfg.c...
compiling stm32f4xx_spi.c...
compiling stm32f4xx_sdio.c...
compiling stm32f4xx_rtc.c...
compiling stm32f4xx_tim.c...
compiling stm32f4xx_usart.c...
compiling stm32f4xx_wwdg.c...
linking...
Program Size: Code=11624 RO-data=600 RW-data=64 ZI-data=1736  
FromELF: creating hex file...
".\Objects\Test.axf" - 0 Error(s), 33 Warning(s).

<h2>Collection of Component include folders:</h2>
  .\RTE\_Target_1
  D:\Keil_v5\ARM\PACK\Keil\STM32F4xx_DFP\1.0.8\Device\Include

<h2>Collection of Component Files used:</h2>
Build Time Elapsed:  00:00:04
</pre>
</body>
</html>
